
> sembremosseguridad@0.0.0 build
> vite build

[36mvite v8.0.0 [32mbuilding client environment for production...[36m[39m
[2K
transforming...Ô£ô 2427 modules transformed.
node.exe : [31mÔ£ù[39m 
Build failed in 313ms
En línea: 1 Carácter: 1
+ & "C:\Program 
Files\nodejs/node.exe" 
"C:\Program 
Files\nodejs/node_mo ...
+ ~~~~~~~~~~~~~~~~~~~~~~~~~~~~
~~~~~~~~~~~~~~~~~~~~~~~~~~~~~~
~~~~~~~~~~~
    + CategoryInfo          : 
    NotSpecified: ([31mÔ£ù  
  [39m Build failed in 313m   
 s:String) [], RemoteExcep    
tion
    + FullyQualifiedErrorId : 
    NativeCommandError
 
[31merror during build:
[31mBuild failed with 1 
error:

[31m[builtin:vite-transform] 
Error:[0m Unexpected token
     [38;5;246mÔò¡[0m[38;5;
246mÔöÇ[0m[38;5;246m[[0m sr
c/components/Dashboard/Seccion
Principal/SeccionPrincipal.jsx
:219:8 [38;5;246m][0m
     [38;5;246mÔöé[0m
 [38;5;246m219 Ôöé[0m 
[38;5;249m [0m[38;5;249m 
[0m[38;5;249m 
[0m[38;5;249m 
[0m[38;5;249m 
[0m[38;5;249m [0m[38;5;249
m{[0m![38;5;249m[[0m[38;5;
249m'[0m[38;5;249md[0m[38;
5;249ma[0m[38;5;249ms[0m[3
8;5;249mh[0m[38;5;249mb[0m
[38;5;249mo[0m[38;5;249ma[0
m[38;5;249mr[0m[38;5;249md
[0m[38;5;249m'[0m[38;5;249m
,[0m[38;5;249m [0m[38;5;24
9m'[0m[38;5;249ma[0m[38;5;
249mc[0m[38;5;249mt[0m[38;
5;249mi[0m[38;5;249mv[0m[3
8;5;249mi[0m[38;5;249md[0m
[38;5;249ma[0m[38;5;249md[0
m[38;5;249me[0m[38;5;249ms
[0m[38;5;249m'[0m[38;5;249m
,[0m[38;5;249m [0m[38;5;24
9m'[0m[38;5;249mu[0m[38;5;
249ms[0m[38;5;249mu[0m[38;
5;249ma[0m[38;5;249mr[0m[3
8;5;249mi[0m[38;5;249mo[0m
[38;5;249ms[0m[38;5;249m'[0
m[38;5;249m,[0m[38;5;249m 
[0m[38;5;249m'[0m[38;5;249m
p[0m[38;5;249me[0m[38;5;24
9mr[0m[38;5;249mf[0m[38;5;
249mi[0m[38;5;249ml[0m[38;
5;249m'[0m[38;5;249m,[0m[3
8;5;249m [0m[38;5;249m'[0m
[38;5;249mm[0m[38;5;249ma[0
m[38;5;249mt[0m[38;5;249mr
[0m[38;5;249mi[0m[38;5;249m
c[0m[38;5;249me[0m[38;5;24
9ms[0m[38;5;249m'[0m[38;5;
249m,[0m[38;5;249m [0m[38;
5;249m'[0m[38;5;249mm[0m[3
8;5;249ma[0m[38;5;249mp[0m
[38;5;249ma[0m[38;5;249m'[0
m[38;5;249m,[0m[38;5;249m 
[0m[38;5;249m'[0m[38;5;249m
z[0m[38;5;249mo[0m[38;5;24
9mn[0m[38;5;249ma[0m[38;5;
249ms[0m[38;5;249m'[0m[38;
5;249m,[0m[38;5;249m [0m[3
8;5;249m'[0m[38;5;249mc[0m
[38;5;249ma[0m[38;5;249ml[0
m[38;5;249me[0m[38;5;249mn
[0m[38;5;249md[0m[38;5;249m
a[0m[38;5;249mr[0m[38;5;24
9mi[0m[38;5;249mo[0m[38;5;
249m'[0m[38;5;249m,[0m[38;
5;249m [0m[38;5;249m'[0m[3
8;5;249mr[0m[38;5;249me[0m
[38;5;249mp[0m[38;5;249mo[0
m[38;5;249mr[0m[38;5;249mt
[0m[38;5;249me[0m[38;5;249m
s[0m[38;5;249m'[0m[38;5;24
9m,[0m[38;5;249m [0m[38;5;
249m'[0m[38;5;249mh[0m[38;
5;249mi[0m[38;5;249ms[0m[3
8;5;249mt[0m[38;5;249mo[0m
[38;5;249mr[0m[38;5;249mi[0
m[38;5;249ma[0m[38;5;249ml
[0m[38;5;249m'[0m[38;5;249m
,[0m[38;5;249m [0m[38;5;24
9m'[0m[38;5;249ml[0m[38;5;
249mi[0m[38;5;249mn[0m[38;
5;249me[0m[38;5;249ma[0m[3
8;5;249ms[0m[38;5;249m'[0m
[38;5;249m,[0m[38;5;249m [0
m[38;5;249m'[0m[38;5;249ma
[0m[38;5;249ml[0m[38;5;249m
e[0m[38;5;249mr[0m[38;5;24
9mt[0m[38;5;249ma[0m[38;5;
249ms[0m[38;5;249m'[0m[38;
5;249m,[0m[38;5;249m [0m[3
8;5;249m'[0m[38;5;249me[0m
[38;5;249ms[0m[38;5;249mt[0
m[38;5;249ma[0m[38;5;249md
[0m[38;5;249mi[0m[38;5;249m
s[0m[38;5;249mt[0m[38;5;24
9mi[0m[38;5;249mc[0m[38;5;
249ma[0m[38;5;249ms[0m[38;
5;249m'[0m[38;5;249m][0m[3
8;5;249m.[0m[38;5;249mi[0m
[38;5;249mn[0m[38;5;249mc[0
m[38;5;249ml[0m[38;5;249mu
[0m[38;5;249md[0m[38;5;249m
e[0m[38;5;249ms[0m[38;5;24
9m([0m[38;5;249ma[0m[38;5;
249mc[0m[38;5;249mt[0m[38;
5;249mi[0m[38;5;249mv[0m[3
8;5;249me[0m[38;5;249mV[0m
[38;5;249mi[0m[38;5;249me[0
m[38;5;249mw[0m[38;5;249m)
[0m[38;5;249m [0m[38;5;249m
&[0m[38;5;249m&[0m[38;5;24
9m [0m[38;5;249m([0m
 [38;5;240m    Ôöé[0m       
 Ôö¼  
 [38;5;240m    Ôöé[0m       
 Ôò░ÔöÇÔöÇ 
[38;5;246mÔöÇÔöÇÔöÇÔöÇÔöÇÔò»
[0m
[31m
    at aggregateBindingErrorsI
ntoJsError (file:///C:/Users/F
WD8D/Desktop/sembremosecurity/
sembremos-seguridad/node_modul
es/rolldown/dist/shared/error-
CP8smW_P.mjs:48:18)
    at unwrapBindingResult (fi
le:///C:/Users/FWD8D/Desktop/s
embremosecurity/sembremos-segu
ridad/node_modules/rolldown/di
st/shared/error-CP8smW_P.mjs:1
8:128)
    at #build (file:///C:/User
s/FWD8D/Desktop/sembremosecuri
ty/sembremos-seguridad/node_mo
dules/rolldown/dist/shared/rol
ldown-build-4YnQkA76.mjs:3311:
34)
    at async buildEnvironment 
(file:///C:/Users/FWD8D/Deskto
p/sembremosecurity/sembremos-s
eguridad/node_modules/vite/dis
t/node/chunks/node.js:32794:64
)
    at async Object.build (fil
e:///C:/Users/FWD8D/Desktop/se
mbremosecurity/sembremos-segur
idad/node_modules/vite/dist/no
de/chunks/node.js:33216:19)
    at async Object.buildApp (
file:///C:/Users/FWD8D/Desktop
/sembremosecurity/sembremos-se
guridad/node_modules/vite/dist
/node/chunks/node.js:33213:153
)
    at async CAC.<anonymous> (
file:///C:/Users/FWD8D/Desktop
/sembremosecurity/sembremos-se
guridad/node_modules/vite/dist
/node/cli.js:778:3) {
  errors: [Getter/Setter]
}[39m
